../trading/strategy/trade_engine.cpp:47 TradeEngine() Thu Apr  9 18:47:31 2026 Initialized TAKER, Ticker: 0 TradeEngineCfg { Clip: 4100, Threshold: 0.8, Risk: RiskCfg { Max-order_size: 4150, Max-position: 4300, Max-loss: -1100. } . } .
../trading/strategy/trade_engine.cpp:47 TradeEngine() Thu Apr  9 18:47:31 2026 Initialized TAKER, Ticker: 1 TradeEngineCfg { Clip: 460, Threshold: 0.9, Risk: RiskCfg { Max-order_size: 4150, Max-position: 4300, Max-loss: -1100. } . } .
../trading/strategy/trade_engine.cpp:47 TradeEngine() Thu Apr  9 18:47:31 2026 Initialized TAKER, Ticker: 2 TradeEngineCfg { Clip: 4150, Threshold: 0.4, Risk: RiskCfg { Max-order_size: 4450, Max-position: 4600, Max-loss: -1100. } . } .
../trading/strategy/trade_engine.cpp:47 TradeEngine() Thu Apr  9 18:47:31 2026 Initialized TAKER, Ticker: 3 TradeEngineCfg { Clip: 4400, Threshold: 0.4, Risk: RiskCfg { Max-order_size: 4500, Max-position: 43000, Max-loss: -1100. } . } .
../trading/strategy/trade_engine.cpp:76 run() Thu Apr  9 18:47:31 2026.
../trading/strategy/trade_engine.h:64 stop() Thu Apr  9 18:47:45 2026 POSITIONS
Ticker id: 0 Position: { Position: 0u-pnl: 0r-pnl: 0t-pnl: 0vol: 0v-waps: [0 ]  X 0 ]   } 
Ticker id: 1 Position: { Position: 0u-pnl: 0r-pnl: 0t-pnl: 0vol: 0v-waps: [0 ]  X 0 ]   } 
Ticker id: 2 Position: { Position: 0u-pnl: 0r-pnl: 0t-pnl: 0vol: 0v-waps: [0 ]  X 0 ]   } 
Ticker id: 3 Position: { Position: 0u-pnl: 0r-pnl: 0t-pnl: 0vol: 0v-waps: [0 ]  X 0 ]   } 
Total PnL: 0 Vol: 0

../trading/strategy/market_order_book.cpp:16 ~MarketOrderBook() Thu Apr  9 18:47:48 2026 OrderBook
Ticker:0

                          X


../trading/strategy/market_order_book.cpp:16 ~MarketOrderBook() Thu Apr  9 18:47:48 2026 OrderBook
Ticker:1

                          X


../trading/strategy/market_order_book.cpp:16 ~MarketOrderBook() Thu Apr  9 18:47:48 2026 OrderBook
Ticker:2

                          X


../trading/strategy/market_order_book.cpp:16 ~MarketOrderBook() Thu Apr  9 18:47:48 2026 OrderBook
Ticker:3

                          X


