../trading/strategy/trade_engine.cpp:47 TradeEngine() Thu Apr  9 18:47:27 2026 Initialized MAKER, Ticker: 0 TradeEngineCfg { Clip: 2100, Threshold: 0.4, Risk: RiskCfg { Max-order_size: 2150, Max-position: 2300, Max-loss: -1100. } . } .
../trading/strategy/trade_engine.cpp:47 TradeEngine() Thu Apr  9 18:47:27 2026 Initialized MAKER, Ticker: 1 TradeEngineCfg { Clip: 260, Threshold: 0.8, Risk: RiskCfg { Max-order_size: 2150, Max-position: 2300, Max-loss: -1100. } . } .
../trading/strategy/trade_engine.cpp:47 TradeEngine() Thu Apr  9 18:47:27 2026 Initialized MAKER, Ticker: 2 TradeEngineCfg { Clip: 2150, Threshold: 0.2, Risk: RiskCfg { Max-order_size: 2250, Max-position: 2600, Max-loss: -1100. } . } .
../trading/strategy/trade_engine.cpp:47 TradeEngine() Thu Apr  9 18:47:27 2026 Initialized MAKER, Ticker: 3 TradeEngineCfg { Clip: 2200, Threshold: 0.6, Risk: RiskCfg { Max-order_size: 2500, Max-position: 23000, Max-loss: -1100. } . } .
../trading/strategy/trade_engine.cpp:76 run() Thu Apr  9 18:47:27 2026.
../trading/strategy/trade_engine.h:64 stop() Thu Apr  9 18:47:41 2026 POSITIONS
Ticker id: 0 Position: { Position: 0u-pnl: 0r-pnl: 0t-pnl: 0vol: 0v-waps: [0 ]  X 0 ]   } 
Ticker id: 1 Position: { Position: 0u-pnl: 0r-pnl: 0t-pnl: 0vol: 0v-waps: [0 ]  X 0 ]   } 
Ticker id: 2 Position: { Position: 0u-pnl: 0r-pnl: 0t-pnl: 0vol: 0v-waps: [0 ]  X 0 ]   } 
Ticker id: 3 Position: { Position: 0u-pnl: 0r-pnl: 0t-pnl: 0vol: 0v-waps: [0 ]  X 0 ]   } 
Total PnL: 0 Vol: 0

../trading/strategy/market_order_book.cpp:16 ~MarketOrderBook() Thu Apr  9 18:47:44 2026 OrderBook
Ticker:0

                          X


../trading/strategy/market_order_book.cpp:16 ~MarketOrderBook() Thu Apr  9 18:47:44 2026 OrderBook
Ticker:1

                          X


../trading/strategy/market_order_book.cpp:16 ~MarketOrderBook() Thu Apr  9 18:47:44 2026 OrderBook
Ticker:2

                          X


../trading/strategy/market_order_book.cpp:16 ~MarketOrderBook() Thu Apr  9 18:47:44 2026 OrderBook
Ticker:3

                          X


