../trading/strategy/trade_engine.cpp:47 TradeEngine() Thu Apr  9 18:47:30 2026 Initialized TAKER, Ticker: 0 TradeEngineCfg { Clip: 300, Threshold: 0.8, Risk: RiskCfg { Max-order_size: 350, Max-position: 300, Max-loss: -300. } . } .
../trading/strategy/trade_engine.cpp:47 TradeEngine() Thu Apr  9 18:47:30 2026 Initialized TAKER, Ticker: 1 TradeEngineCfg { Clip: 60, Threshold: 0.7, Risk: RiskCfg { Max-order_size: 350, Max-position: 300, Max-loss: -300. } . } .
../trading/strategy/trade_engine.cpp:47 TradeEngine() Thu Apr  9 18:47:30 2026 Initialized TAKER, Ticker: 2 TradeEngineCfg { Clip: 350, Threshold: 0.5, Risk: RiskCfg { Max-order_size: 250, Max-position: 600, Max-loss: -300. } . } .
../trading/strategy/trade_engine.cpp:47 TradeEngine() Thu Apr  9 18:47:30 2026 Initialized TAKER, Ticker: 3 TradeEngineCfg { Clip: 200, Threshold: 0.6, Risk: RiskCfg { Max-order_size: 500, Max-position: 3000, Max-loss: -300. } . } .
../trading/strategy/trade_engine.cpp:76 run() Thu Apr  9 18:47:30 2026.
../trading/strategy/trade_engine.h:64 stop() Thu Apr  9 18:47:43 2026 POSITIONS
Ticker id: 0 Position: { Position: 0u-pnl: 0r-pnl: 0t-pnl: 0vol: 0v-waps: [0 ]  X 0 ]   } 
Ticker id: 1 Position: { Position: 0u-pnl: 0r-pnl: 0t-pnl: 0vol: 0v-waps: [0 ]  X 0 ]   } 
Ticker id: 2 Position: { Position: 0u-pnl: 0r-pnl: 0t-pnl: 0vol: 0v-waps: [0 ]  X 0 ]   } 
Ticker id: 3 Position: { Position: 0u-pnl: 0r-pnl: 0t-pnl: 0vol: 0v-waps: [0 ]  X 0 ]   } 
Total PnL: 0 Vol: 0

../trading/strategy/market_order_book.cpp:16 ~MarketOrderBook() Thu Apr  9 18:47:46 2026 OrderBook
Ticker:0

                          X


../trading/strategy/market_order_book.cpp:16 ~MarketOrderBook() Thu Apr  9 18:47:46 2026 OrderBook
Ticker:1

                          X


../trading/strategy/market_order_book.cpp:16 ~MarketOrderBook() Thu Apr  9 18:47:46 2026 OrderBook
Ticker:2

                          X


../trading/strategy/market_order_book.cpp:16 ~MarketOrderBook() Thu Apr  9 18:47:46 2026 OrderBook
Ticker:3

                          X


